======================================================================
MWE 3: LMQL Integration for Structured Grading
======================================================================

[Step 1] Configuring LlamaIndex and LMQL...
✓ Configuration loaded

[Step 2] Creating evidence corpus...
Parsing nodes: 100%|███████████████████████████████████████████████████████████████████████████████████████████████████| 5/5 [00:00<00:00, 2593.56it/s]
Generating embeddings: 100%|█████████████████████████████████████████████████████████████████████████████████████████████| 5/5 [00:00<00:00, 31.99it/s]
✓ Index created with 5 evidence documents

[Step 3] Setting up evidence retrievers...
✓ Retrievers initialized

[Step 4] Defining rubric and student answer...
✓ Rubric: Explain mutual information and its relationship to entropy
  Criteria: 3
  Total points: 10

[Step 5] Retrieving evidence for rubric criteria...
  definition: 2 evidence items
  properties: 2 evidence items
  entropy_relation: 2 evidence items

[Step 6] Assigning scores (rubric-driven)...
✓ Scores assigned: 9/10
  definition: 4/4
  properties: 3/3
  entropy_relation: 2/3

[Step 7] Generating citation-enforced feedback with LMQL...
  (This may take 10-30 seconds...)
✓ Feedback generated in 1 attempt(s)
  Validation passed: True

======================================================================
Grading Results
======================================================================

Question: q01
Score: 9/10

Score Breakdown:
  definition: 4/4
  properties: 3/3
  entropy_relation: 2/3

Citation-Enforced Feedback:
──────────────────────────────────────────────────────────────────────
The student correctly stated that mutual information measures the amount of information that one variable provides about another, fulfilling the definition criterion. [slide_13] The student noted that mutual information is always non-negative and symmetric, aligning with the properties criterion. [slide_13, slide_14] The student correctly connected mutual information to entropy by stating that it equals the entropy of X minus the conditional entropy H(X|Y), satisfying the entropy_relation criterion. [slide_21]
──────────────────────────────────────────────────────────────────────

Structured Explanation (with citations):
  [1] The student correctly stated that mutual information measures the amount of information that one variable provides about another, fulfilling the definition criterion.
      Citations: slide_13
  [2] The student noted that mutual information is always non-negative and symmetric, aligning with the properties criterion.
      Citations: slide_13, slide_14
  [3] The student correctly connected mutual information to entropy by stating that it equals the entropy of X minus the conditional entropy H(X|Y), satisfying the entropy_relation criterion.
      Citations: slide_21

Evidence Sources Used:
  [1] slide_13: The mutual information is always non-negative: I(X;Y) >= 0. It equals zero if an...
  [2] slide_14: Mutual information captures both linear and nonlinear dependencies between varia...
  [3] slide_21: Conditional entropy H(X|Y) measures the average uncertainty remaining about X af...

======================================================================
MWE 3 Summary
======================================================================
✓ Evidence retrieved for rubric criteria
✓ Scores assigned deterministically (rubric-driven)
✓ LMQL-constrained feedback generated
✓ Every sentence includes citations
✓ All citations reference valid evidence IDs
✓ Validation passed

Next: MWE 4 will integrate all components into the full pipeline
noglob uv run python mwe3_lmql_grading.py  3.50s user 1.02s system 12% cpu 36.177 total
